13:34:32 **** Auto Build of configuration Debug for project test1 ****
make pre-build main-build 
a9-linaro-pre-build-step
' '
'Building file: ../src/Operations.c'
'Invoking: ARM v7 gcc compiler'
arm-none-eabi-gcc -Wall -O0 -g3 -c -fmessage-length=0 -MT"src/Operations.o" -mcpu=cortex-a9 -mfpu=vfpv3 -mfloat-abi=hard -I../../test1_bsp/ps7_cortexa9_0/include -MMD -MP -MF"src/Operations.d" -MT"src/Operations.o" -o "src/Operations.o" "../src/Operations.c"
../src/Operations.c: In function 'final_check':
../src/Operations.c:143:6: warning: variable 'result_tab' set but not used [-Wunused-but-set-variable]
  int result_tab[16] = {0};
      ^~~~~~~~~~
../src/Operations.c: In function 'Execute_Order_New':
../src/Operations.c:579:25: warning: implicit declaration of function 'affiche_dma' [-Wimplicit-function-declaration]
             case 0x060: affiche_dma();
                         ^~~~~~~~~~~
../src/Operations.c:589:25: warning: implicit declaration of function 'auto_test_trans'; did you mean 'auto_init_serdes'? [-Wimplicit-function-declaration]
             case 0x010: auto_test_trans(New_Order_Data); //自动加载数据并测试正确性，生成报告
                         ^~~~~~~~~~~~~~~
                         auto_init_serdes
'Finished building: ../src/Operations.c'
' '
'Building target: test1.elf'
'Invoking: ARM v7 gcc linker'
arm-none-eabi-gcc -mcpu=cortex-a9 -mfpu=vfpv3 -mfloat-abi=hard -Wl,-build-id=none -specs=Xilinx.spec -Wl,-T -Wl,../src/lscript.ld -L../../test1_bsp/ps7_cortexa9_0/lib -o "test1.elf"  ./src/AD9637_SPI.o ./src/AD9637_if.o ./src/Operations.o ./src/dma_intr.o ./src/main.o ./src/oled.o ./src/platform.o ./src/platform_zynq.o ./src/project_utils.o ./src/sys_intr.o ./src/tcp_server_func.o ./src/timer_intr.o ./src/udp_server_func.o   -Wl,--start-group,-lxil,-lgcc,-lc,--end-group -Wl,--start-group,-lxil,-llwip4,-lgcc,-lc,--end-group
'Finished building target: test1.elf'
' '
'Invoking: ARM v7 Print Size'
arm-none-eabi-size test1.elf  |tee "test1.elf.size"
   text	   data	    bss	    dec	    hex	filename
 172940	   3648	2152752	2329340	 238afc	test1.elf
'Finished building: test1.elf.size'
' '

13:34:34 Build Finished (took 2s.831ms)

